// Vitest Snapshot v1, https://vitest.dev/guide/snapshot.html

exports[`Login Component > Login renders correctly 1`] = `
[
  <div
    className="mt-5 mb-5"
  >
    <h1>
      Welcome back
    </h1>
    <div
      className="d-flex justify-content-start _flex_wrapper_66e569"
    >
      <h6
        className="d-flex align-items-center"
      >
        New to CCG Inventory?
      </h6>
      <a
        className="ps-1 _link_header_66e569"
        href="/register"
        onClick={[Function]}
      >
         Create an account
      </a>
    </div>
  </div>,
  <form
    className=""
    noValidate={true}
    onSubmit={[Function]}
  >
    <div
      className="mb-3"
    >
      <label
        className="form-label"
        htmlFor="email"
      >
        Email:
      </label>
      <input
        className="form-control"
        id="email"
        name="email"
        onBlur={[Function]}
        onChange={[Function]}
        placeholder=""
        required={true}
        type="email"
      />
    </div>
    <label
      className="form-label"
      htmlFor="password"
    >
      Password:
    </label>
    <div
      style={
        {
          "marginBottom": "20px",
        }
      }
    >
      <div
        className="input-group"
        style={
          {
            "display": "block",
            "marginBottom": "0px",
          }
        }
      >
        <input
          className="_password_8ab8af undefined  form-control"
          id="password"
          name="password"
          onBlur={[Function]}
          onChange={[Function]}
          required={true}
          type="password"
        />
        <span
          className="_password_8ab8af"
          onClick={[Function]}
        >
          <svg
            className="font-24"
            fill="currentColor"
            height="1em"
            stroke="currentColor"
            strokeWidth="0"
            style={
              {
                "color": undefined,
              }
            }
            viewBox="0 0 24 24"
            width="1em"
            xmlns="http://www.w3.org/2000/svg"
          >
            <path
              d="M0 0h24v24H0V0z"
              fill="none"
            />
            <path
              d="M12 6a9.77 9.77 0 018.82 5.5C19.17 14.87 15.79 17 12 17s-7.17-2.13-8.82-5.5A9.77 9.77 0 0112 6m0-2C7 4 2.73 7.11 1 11.5 2.73 15.89 7 19 12 19s9.27-3.11 11-7.5C21.27 7.11 17 4 12 4zm0 5a2.5 2.5 0 010 5 2.5 2.5 0 010-5m0-2c-2.48 0-4.5 2.02-4.5 4.5S9.52 16 12 16s4.5-2.02 4.5-4.5S14.48 7 12 7z"
            />
          </svg>
        </span>
      </div>
    </div>
    <div
      className="row"
    >
      <div
        className="d-flex justify-content-between _flex_wrapper_66e569"
      >
        <div
          className="form-check"
        >
          <input
            className="form-check-input"
            disabled={false}
            type="checkbox"
          />
          <label
            className="form-check-label"
            title=""
          >
            Remember me
          </label>
        </div>
        <a
          className="no-underline"
          onClick={[Function]}
        >
          forgot password
        </a>
      </div>
    </div>
    <div
      className="mt-5"
    >
      <button
        className="btn btn-primary"
        disabled={false}
        type="submit"
      >
        Sign in
      </button>
    </div>
  </form>,
]
`;
